// Jest Snapshot v1, https://goo.gl/fbAQLP

exports[`outputs the expected tree when (default) 1`] = `
<div
  className="side-panel px-3"
>
  <TodaysForecastOverview
    className=""
    todaysForecast={
      Object {
        "apparentTemperatureHigh": 15.95,
        "apparentTemperatureHighTime": 1588285860,
        "apparentTemperatureLow": 11.04,
        "apparentTemperatureLowTime": 1588339020,
        "apparentTemperatureMax": 15.95,
        "apparentTemperatureMaxTime": 1588285860,
        "apparentTemperatureMin": 11.49,
        "apparentTemperatureMinTime": 1588251120,
        "cloudCover": 0.41,
        "dewPoint": 8.85,
        "humidity": 0.75,
        "icon": "partly-cloudy-day",
        "moonPhase": 0.26,
        "ozone": 317.9,
        "precipIntensity": 0.0089,
        "precipIntensityMax": 0.031,
        "precipIntensityMaxTime": 1588309200,
        "precipProbability": 0.4,
        "precipType": "rain",
        "pressure": 1019.5,
        "summary": "Partly cloudy throughout the day.",
        "sunriseTime": 1588252500,
        "sunsetTime": 1588302060,
        "temperatureHigh": 16.23,
        "temperatureHighTime": 1588285860,
        "temperatureLow": 10.77,
        "temperatureLowTime": 1588339020,
        "temperatureMax": 16.23,
        "temperatureMaxTime": 1588285860,
        "temperatureMin": 11.22,
        "temperatureMinTime": 1588251120,
        "time": 1588230000,
        "uvIndex": 7,
        "uvIndexTime": 1588278780,
        "visibility": 16.093,
        "windBearing": 266,
        "windGust": 10.47,
        "windGustTime": 1588295580,
        "windSpeed": 4.22,
      }
    }
  />
  <TodaysRainForecast
    className=""
    hourlyForecasts={
      Array [
        Object {
          "apparentTemperature": 15.49,
          "cloudCover": 0.36,
          "dewPoint": 10.85,
          "humidity": 0.74,
          "icon": "partly-cloudy-day",
          "ozone": 319.6,
          "precipIntensity": 0,
          "precipProbability": 0.4,
          "pressure": 1019.9,
          "summary": "Partly Cloudy",
          "temperature": 15.49,
          "time": 1588276800,
          "uvIndex": 7,
          "visibility": 16.093,
          "windBearing": 263,
          "windGust": 5.76,
          "windSpeed": 4.44,
        },
        Object {
          "apparentTemperature": 15.71,
          "cloudCover": 0.29,
          "dewPoint": 10.41,
          "humidity": 0.71,
          "icon": "clear-day",
          "ozone": 319.9,
          "precipIntensity": 0,
          "precipProbability": 0,
          "pressure": 1019.7,
          "summary": "Clear",
          "temperature": 15.71,
          "time": 1588280400,
          "uvIndex": 7,
          "visibility": 16.093,
          "windBearing": 262,
          "windGust": 7.32,
          "windSpeed": 5.04,
        },
        Object {
          "apparentTemperature": 15.91,
          "cloudCover": 0.35,
          "dewPoint": 9.74,
          "humidity": 0.67,
          "icon": "partly-cloudy-day",
          "ozone": 320,
          "precipIntensity": 0,
          "precipProbability": 0,
          "pressure": 1019.4,
          "summary": "Partly Cloudy",
          "temperature": 15.91,
          "time": 1588284000,
          "uvIndex": 6,
          "visibility": 16.093,
          "windBearing": 259,
          "windGust": 8.8,
          "windSpeed": 5.61,
        },
        Object {
          "apparentTemperature": 15.87,
          "cloudCover": 0.27,
          "dewPoint": 8.7,
          "humidity": 0.62,
          "icon": "clear-day",
          "ozone": 320,
          "precipIntensity": 0.0051,
          "precipProbability": 0.01,
          "precipType": "rain",
          "pressure": 1019.6,
          "summary": "Clear",
          "temperature": 15.87,
          "time": 1588287600,
          "uvIndex": 4,
          "visibility": 16.093,
          "windBearing": 280,
          "windGust": 9.54,
          "windSpeed": 6.2,
        },
      ]
    }
  />
  <Alerts
    alerts={
      Array [
        Object {
          "description": "...FLOOD WATCH REMAINS IN EFFECT THROUGH LATE MONDAY NIGHT...
",
          "expires": 1510036680,
          "time": 1509993360,
          "title": "Flood Watch for Mason, WA",
          "uri": "http://alerts.weather.gov/cap/wwacapget.php?x=WA1255E4DB8494.FloodWatch.1255",
        },
      ]
    }
    className=""
  />
</div>
`;
